../Core/Src/main.c:111:6:lcd_enable	8	static
../Core/Src/main.c:119:6:lcd_send_nibble	16	static
../Core/Src/main.c:128:6:lcd_send	16	static
../Core/Src/main.c:138:6:lcd_send_command	16	static
../Core/Src/main.c:143:6:lcd_send_data	16	static
../Core/Src/main.c:147:6:lcd_init	8	static
../Core/Src/main.c:170:6:lcd_clear	8	static
../Core/Src/main.c:176:6:lcd_set_cursor	24	static
../Core/Src/main.c:182:6:lcd_send_string	16	static
../Core/Src/main.c:195:5:main	16	static
../Core/Src/main.c:288:6:SystemClock_Config	88	static
../Core/Src/main.c:331:13:MX_GPIO_Init	40	static
../Core/Src/main.c:393:6:vTaskButtonRead	24	static
../Core/Src/main.c:442:6:vTaskLEDControl	16	static
../Core/Src/main.c:500:6:vTaskLCDUpdate	24	static
../Core/Src/main.c:548:6:HAL_TIM_PeriodElapsedCallback	16	static
../Core/Src/main.c:565:6:Error_Handler	4	static,ignoring_inline_asm
